{"message": "etl_run START: job_id=etl-run-bridgedata_v2_scale30-v1-c403d410 dataset_uri=s3://robot-datasets/raw/bridgedata_v2_scale30/v1 -> bridgedata_v2_scale30/v1 phase=normalize resume=True force=False", "timestamp": "2026-05-24T10:45:36.731305+00:00", "level": "INFO"}
{"message": "  [normalize] s3://robot-datasets/raw/bridgedata_v2_scale30/v1 -> s3://robot-lake/ods/bridgedata_v2_scale30/v1", "timestamp": "2026-05-24T10:45:37.908105+00:00", "level": "INFO"}
{"message": "normalize: job_id=etl-run-bridgedata_v2_scale30-v1-c403d410::normalize dataset_uri=s3://robot-datasets/raw/bridgedata_v2_scale30/v1 output_uri=s3://robot-lake/ods/bridgedata_v2_scale30/v1 resume=True force=False", "timestamp": "2026-05-24T10:45:37.908266+00:00", "level": "INFO"}
{"message": "heartbeat task=etl-run-bridgedata_v2_scale30-v1-c403d410::normalize phase=normalize progress=None/None msg=phase_start", "timestamp": "2026-05-24T10:45:39.322060+00:00", "level": "INFO"}
{"message": "heartbeat task=etl-run-bridgedata_v2_scale30-v1-c403d410::normalize phase=normalize.materialize_input progress=None/None msg=materialize_input.start", "timestamp": "2026-05-24T10:45:39.800577+00:00", "level": "INFO"}
{"message": "S3 download_dir: bucket=robot-datasets prefix=raw/bridgedata_v2_scale30/v1/ files=9 total_size=227.4 MiB concurrency=8", "timestamp": "2026-05-24T10:45:39.865589+00:00", "level": "INFO"}
{"message": "Connection pool is full, discarding connection: 82.156.129.81. Connection pool size: 10", "timestamp": "2026-05-24T10:53:57.507911+00:00", "level": "WARNING"}
{"message": "Connection pool is full, discarding connection: 82.156.129.81. Connection pool size: 10", "timestamp": "2026-05-24T10:54:22.443094+00:00", "level": "WARNING"}
{"message": "Connection pool is full, discarding connection: 82.156.129.81. Connection pool size: 10", "timestamp": "2026-05-24T10:54:42.552444+00:00", "level": "WARNING"}
{"message": "Connection pool is full, discarding connection: 82.156.129.81. Connection pool size: 10", "timestamp": "2026-05-24T10:58:22.167807+00:00", "level": "WARNING"}
{"message": "Connection pool is full, discarding connection: 82.156.129.81. Connection pool size: 10", "timestamp": "2026-05-24T10:58:45.005345+00:00", "level": "WARNING"}
{"message": "heartbeat task=etl-run-bridgedata_v2_scale30-v1-c403d410::normalize phase=normalize.materialize_input progress=None/None msg=materialize_input.done", "timestamp": "2026-05-24T10:58:45.059891+00:00", "level": "INFO"}
{"message": "heartbeat task=etl-run-bridgedata_v2_scale30-v1-c403d410::normalize phase=normalize.load_bundles progress=None/None msg=load_bundles.start", "timestamp": "2026-05-24T10:58:45.060144+00:00", "level": "INFO"}
{"message": "hf_adapter[bridgedata_v2_scale30]: matched prefix 'bridgedata_v2', using registered adapter", "timestamp": "2026-05-24T10:58:45.062424+00:00", "level": "INFO"}
{"message": "bridgedata_v2 adapter: action column action in /run/robot-dh/workdir/robot-dh-normalize-6ft_moqx/input/data/shard_0-00000-of-00001.parquet not coercible to 7-dim", "timestamp": "2026-05-24T10:58:49.055471+00:00", "level": "WARNING"}
{"message": "heartbeat task=etl-run-bridgedata_v2_scale30-v1-c403d410::normalize phase=normalize.load_bundles progress=None/None msg=phase_failed: ValueError", "timestamp": "2026-05-24T10:58:49.077744+00:00", "level": "INFO"}
{"message": "etl_run FAIL: bridgedata_v2 adapter could not extract any pose episode from /run/robot-dh/workdir/robot-dh-normalize-6ft_moqx/input. Found 1 parquet shards. Schema may be unknown; sample columns: ['absolute_action', 'action', 'episode_idx', 'image', 'metadata', 'observation', 'state', 'step_idx', 'supervision', 'timestamp'].", "timestamp": "2026-05-24T10:58:49.203413+00:00", "level": "ERROR"}
{"message": "etl_run END:   job_id=etl-run-bridgedata_v2_scale30-v1-c403d410 status=FAIL duration=792.41s", "timestamp": "2026-05-24T10:58:49.222804+00:00", "level": "INFO"}
{
  "dataset_id": "bridgedata_v2_scale30",
  "version": "v1",
  "raw_uri": "s3://robot-datasets/raw/bridgedata_v2_scale30/v1",
  "ods_uri": "s3://robot-lake/ods/bridgedata_v2_scale30/v1",
  "dwd_uri": "s3://robot-lake/dwd/bridgedata_v2_scale30/v1",
  "ads_uri": null,
  "job_id": "etl-run-bridgedata_v2_scale30-v1-c403d410",
  "status": "FAIL",
  "duration_sec": 792.4146921634674,
  "error": "bridgedata_v2 adapter could not extract any pose episode from /run/robot-dh/workdir/robot-dh-normalize-6ft_moqx/input. Found 1 parquet shards. Schema may be unknown; sample columns: ['absolute_action', 'action', 'episode_idx', 'image', 'metadata', 'observation', 'state', 'step_idx', 'supervision', 'timestamp'].",
  "normalize": null,
  "features": null,
  "ads": null,
  "summary_uri": null,
  "phase": "normalize"
}
