{"event": "runner_boot", "argv": ["qc", "contract", "run", "--dataset-family", "droid", "--dataset-uri", "s3://robot-datasets/raw/droid_lerobot_scale30/v1", "--dataset-id", "droid_lerobot_scale30", "--version", "v1", "--output", "s3://robot-lake/qc/droid_lerobot_scale30/v1", "--contract", "configs/qc/droid_contract.yaml", "--log-format", "json"], "python": "3.11.15", "ts": 1779646750.575222, "env_keys": ["ROBOT_DH_API_PORT", "ROBOT_DH_API_PORT_8000_TCP", "ROBOT_DH_API_PORT_8000_TCP_ADDR", "ROBOT_DH_API_PORT_8000_TCP_PORT", "ROBOT_DH_API_PORT_8000_TCP_PROTO", "ROBOT_DH_API_SERVICE_HOST", "ROBOT_DH_API_SERVICE_PORT", "ROBOT_DH_API_SERVICE_PORT_HTTP", "ROBOT_DH_ARGO_NAMESPACE", "ROBOT_DH_ARTIFACT_STORE", "ROBOT_DH_DB_URI", "ROBOT_DH_EVENTS_DIR", "ROBOT_DH_EXPORTER_PORT", "ROBOT_DH_EXPORTER_PORT_9108_TCP", "ROBOT_DH_EXPORTER_PORT_9108_TCP_ADDR", "ROBOT_DH_EXPORTER_PORT_9108_TCP_PORT", "ROBOT_DH_EXPORTER_PORT_9108_TCP_PROTO", "ROBOT_DH_EXPORTER_SERVICE_HOST", "ROBOT_DH_EXPORTER_SERVICE_PORT", "ROBOT_DH_EXPORTER_SERVICE_PORT_METRICS", "ROBOT_DH_ML_READY_ROOT", "ROBOT_DH_PLATFORM_VERSION", "ROBOT_DH_QC_CONTRACT_BUCKET_PREFIX", "ROBOT_DH_QC_PROBE_CONCURRENCY", "ROBOT_DH_REDIS_URL", "ROBOT_DH_RELEASE_VERSION", "ROBOT_DH_S3_ACCESS_KEY", "ROBOT_DH_S3_ARTIFACT_BUCKET", "ROBOT_DH_S3_BACKUP_BUCKET", "ROBOT_DH_S3_DATA_BUCKET", "ROBOT_DH_S3_ENDPOINT_URL", "ROBOT_DH_S3_LAKE_BUCKET", "ROBOT_DH_S3_REGION", "ROBOT_DH_S3_SECRET_KEY", "ROBOT_DH_WORKFLOW_TMP_PREFIX"]}
{"message": "profile_dataset: detected lerobot v2 layout, using lazy footer path: s3://robot-datasets/raw/droid_lerobot_scale30/v1", "timestamp": "2026-05-24T18:19:10.964991+00:00", "level": "INFO"}
{
  "run_id": "qc-droid_multimodal_v1-d863dd1b48",
  "contract_id": "droid_multimodal_v1",
  "status": "PASS",
  "artifacts": {
    "report_uri": "s3://robot-lake/qc/droid_lerobot_scale30/v1/contract_report.json",
    "report_html_uri": "s3://robot-lake/qc/droid_lerobot_scale30/v1/contract_report.html",
    "profile_uri": "s3://robot-lake/qc/droid_lerobot_scale30/v1/asset_profile.json"
  },
  "metrics": {
    "num_parquet_files": 156,
    "num_episodes": 95658,
    "num_frames": 27630375,
    "num_videos": 14,
    "parquet_valid_rate": 1.0,
    "video_decode_pass_rate": 1.0,
    "camera_coverage": 1.0,
    "language_coverage": 1.0,
    "action_column_coverage": 1.0,
    "timestamp_monotonic_rate": 1.0,
    "action_jump_rate": 0.0,
    "calibration_coverage": 0.0,
    "schema_hash_unique_count": 1,
    "chunk_files_total": 156,
    "sampled_parquet_count": 8,
    "lerobot_v2_fps": 15
  }
}
