{"event": "runner_boot", "argv": ["qc", "contract", "run", "--dataset-family", "bridge", "--dataset-uri", "s3://robot-datasets/raw/bridgedata_v2_scale30/v1", "--dataset-id", "bridgedata_v2_scale30", "--version", "v1", "--output", "s3://robot-lake/qc/bridgedata_v2_scale30/v1", "--contract", "configs/qc/bridge_contract.yaml", "--log-format", "json"], "python": "3.11.15", "ts": 1779653958.229714, "env_keys": ["ROBOT_DH_API_PORT", "ROBOT_DH_API_PORT_8000_TCP", "ROBOT_DH_API_PORT_8000_TCP_ADDR", "ROBOT_DH_API_PORT_8000_TCP_PORT", "ROBOT_DH_API_PORT_8000_TCP_PROTO", "ROBOT_DH_API_SERVICE_HOST", "ROBOT_DH_API_SERVICE_PORT", "ROBOT_DH_API_SERVICE_PORT_HTTP", "ROBOT_DH_ARGO_NAMESPACE", "ROBOT_DH_ARTIFACT_STORE", "ROBOT_DH_DB_URI", "ROBOT_DH_EVENTS_DIR", "ROBOT_DH_EXPORTER_PORT", "ROBOT_DH_EXPORTER_PORT_9108_TCP", "ROBOT_DH_EXPORTER_PORT_9108_TCP_ADDR", "ROBOT_DH_EXPORTER_PORT_9108_TCP_PORT", "ROBOT_DH_EXPORTER_PORT_9108_TCP_PROTO", "ROBOT_DH_EXPORTER_SERVICE_HOST", "ROBOT_DH_EXPORTER_SERVICE_PORT", "ROBOT_DH_EXPORTER_SERVICE_PORT_METRICS", "ROBOT_DH_ML_READY_ROOT", "ROBOT_DH_PLATFORM_VERSION", "ROBOT_DH_QC_CONTRACT_BUCKET_PREFIX", "ROBOT_DH_QC_PROBE_CONCURRENCY", "ROBOT_DH_REDIS_URL", "ROBOT_DH_RELEASE_VERSION", "ROBOT_DH_S3_ACCESS_KEY", "ROBOT_DH_S3_ARTIFACT_BUCKET", "ROBOT_DH_S3_BACKUP_BUCKET", "ROBOT_DH_S3_DATA_BUCKET", "ROBOT_DH_S3_ENDPOINT_URL", "ROBOT_DH_S3_LAKE_BUCKET", "ROBOT_DH_S3_REGION", "ROBOT_DH_S3_SECRET_KEY", "ROBOT_DH_WORKFLOW_TMP_PREFIX"]}
{"message": "parquet null_rate probe failed for s3://robot-datasets/raw/bridgedata_v2_scale30/v1/data/shard_0-00000-of-00001.parquet: Response payload is not completed: <ContentLengthError: 400, message='Not enough data to satisfy content length header.'>", "timestamp": "2026-05-24T20:35:30.724839+00:00", "level": "WARNING"}
{
  "run_id": "qc-bridgedata_v2_v1-4ee3b9cdbe",
  "contract_id": "bridgedata_v2_v1",
  "status": "PASS",
  "artifacts": {
    "report_uri": "s3://robot-lake/qc/bridgedata_v2_scale30/v1/contract_report.json",
    "report_html_uri": "s3://robot-lake/qc/bridgedata_v2_scale30/v1/contract_report.html",
    "profile_uri": "s3://robot-lake/qc/bridgedata_v2_scale30/v1/asset_profile.json"
  },
  "metrics": {
    "num_parquet_files": 1,
    "parquet_valid_rate": 1.0,
    "traj_len_p50": 314,
    "traj_len_p95": 314,
    "language_missing_rate": 0.0,
    "image_ref_missing_rate": 0.0,
    "action_column_coverage": 1.0,
    "environment_count": 1,
    "skill_count": 1,
    "episode_count": 0
  }
}
