{"event": "runner_boot", "argv": ["partition", "plan", "--dataset", "s3://robot-datasets/raw/droid_lerobot_scale30/v1", "--dataset-id", "droid_lerobot_scale30", "--version", "v1", "--output", "s3://robot-lake/tmp/robot-dh-multisource-scale30-fvx5z/droid_lerobot_scale30_partition_plan.json", "--target-partition-size-gb", "2"], "python": "3.11.15", "ts": 1779659898.0776305, "env_keys": ["ROBOT_DH_API_PORT", "ROBOT_DH_API_PORT_8000_TCP", "ROBOT_DH_API_PORT_8000_TCP_ADDR", "ROBOT_DH_API_PORT_8000_TCP_PORT", "ROBOT_DH_API_PORT_8000_TCP_PROTO", "ROBOT_DH_API_SERVICE_HOST", "ROBOT_DH_API_SERVICE_PORT", "ROBOT_DH_API_SERVICE_PORT_HTTP", "ROBOT_DH_ARGO_NAMESPACE", "ROBOT_DH_ARTIFACT_STORE", "ROBOT_DH_DB_URI", "ROBOT_DH_EVENTS_DIR", "ROBOT_DH_EXPORTER_PORT", "ROBOT_DH_EXPORTER_PORT_9108_TCP", "ROBOT_DH_EXPORTER_PORT_9108_TCP_ADDR", "ROBOT_DH_EXPORTER_PORT_9108_TCP_PORT", "ROBOT_DH_EXPORTER_PORT_9108_TCP_PROTO", "ROBOT_DH_EXPORTER_SERVICE_HOST", "ROBOT_DH_EXPORTER_SERVICE_PORT", "ROBOT_DH_EXPORTER_SERVICE_PORT_METRICS", "ROBOT_DH_ML_READY_ROOT", "ROBOT_DH_PLATFORM_VERSION", "ROBOT_DH_QC_CONTRACT_BUCKET_PREFIX", "ROBOT_DH_REDIS_URL", "ROBOT_DH_RELEASE_VERSION", "ROBOT_DH_S3_ACCESS_KEY", "ROBOT_DH_S3_ARTIFACT_BUCKET", "ROBOT_DH_S3_BACKUP_BUCKET", "ROBOT_DH_S3_DATA_BUCKET", "ROBOT_DH_S3_ENDPOINT_URL", "ROBOT_DH_S3_LAKE_BUCKET", "ROBOT_DH_S3_REGION", "ROBOT_DH_S3_SECRET_KEY", "ROBOT_DH_WORKFLOW_TMP_PREFIX"]}
{
  "plan_path": "s3://robot-lake/tmp/robot-dh-multisource-scale30-fvx5z/droid_lerobot_scale30_partition_plan.json",
  "plan": {
    "partition_plan_id": "part-1e6b70d987d0",
    "dataset_id": "droid_lerobot_scale30",
    "version": "v1",
    "dataset_uri": "s3://robot-datasets/raw/droid_lerobot_scale30/v1",
    "dataset_family": "droid",
    "partition_type": "parquet_file",
    "target_partition_size_bytes": 2147483648,
    "total_input_bytes": 19269555036,
    "partitions": [
      {
        "partition_id": "part-1e6b70d987d0-p000",
        "partition_index": 0,
        "dataset_uri": "s3://robot-datasets/raw/droid_lerobot_scale30/v1",
        "partition_uri": "s3://robot-datasets/raw/droid_lerobot_scale30/v1",
        "input_files": [
          "s3://robot-datasets/raw/droid_lerobot_scale30/v1/data/chunk-000/file-007.parquet",
          "s3://robot-datasets/raw/droid_lerobot_scale30/v1/data/chunk-000/file-009.parquet",
          "s3://robot-datasets/raw/droid_lerobot_scale30/v1/data/chunk-000/file-011.parquet",
          "s3://robot-datasets/raw/droid_lerobot_scale30/v1/data/chunk-000/file-018.parquet",
          "s3://robot-datasets/raw/droid_lerobot_scale30/v1/data/chunk-000/file-022.parquet",
          "s3://robot-datasets/raw/droid_lerobot_scale30/v1/data/chunk-000/file-023.parquet",
          "s3://robot-datasets/raw/droid_lerobot_scale30/v1/data/chunk-000/file-027.parquet",
          "s3://robot-datasets/raw/droid_lerobot_scale30/v1/data/chunk-000/file-029.parquet",
          "s3://robot-datasets/raw/droid_lerobot_scale30/v1/data/chunk-000/file-035.parquet",
          "s3://robot-datasets/raw/droid_lerobot_scale30/v1/data/chunk-000/file-043.parquet",
          "s3://robot-datasets/raw/droid_lerobot_scale30/v1/data/chunk-000/file-054.parquet",
          "s3://robot-datasets/raw/droid_lerobot_scale30/v1/data/chunk-000/file-056.parquet",
          "s3://robot-datasets/raw/droid_lerobot_scale30/v1/data/chunk-000/file-058.parquet",
          "s3://robot-datasets/raw/droid_lerobot_scale30/v1/data/chunk-000/file-063.parquet",
          "s3://robot-datasets/raw/droid_lerobot_scale30/v1/data/chunk-000/file-068.parquet",
          "s3://robot-datasets/raw/droid_lerobot_scale30/v1/data/chunk-000/file-069.parquet",
          "s3://robot-datasets/raw/droid_lerobot_scale30/v1/data/chunk-000/file-072.parquet",
          "s3://robot-datasets/raw/droid_lerobot_scale30/v1/data/chunk-000/file-082.parquet",
          "s3://robot-datasets/raw/droid_lerobot_scale30/v1/data/chunk-000/file-155.parquet",
          "s3://robot-datasets/raw/droid_lerobot_scale30/v1/meta/episodes/chunk-000/file-000.parquet",
          "s3://robot-datasets/raw/droid_lerobot_scale30/v1/meta/episodes/chunk-000/file-001.parquet",
          "s3://robot-datasets/raw/droid_lerobot_scale30/v1/meta/episodes/chunk-000/file-002.parquet",
          "s3://robot-datasets/raw/droid_lerobot_scale30/v1/meta/episodes/chunk-000/file-003.parquet",
          "s3://robot-datasets/raw/droid_lerobot_scale30/v1/meta/episodes/chunk-000/file-004.parquet",
          "s3://robot-datasets/raw/droid_lerobot_scale30/v1/meta/episodes/chunk-000/file-005.parquet",
          "s3://robot-datasets/raw/droid_lerobot_scale30/v1/meta/tasks.parquet"
        ],
        "input_bytes": 2114367724,
        "estimated_rows": 6060467,
        "metrics": {
          "family": "droid",
          "file_count": 26
        }
      },
      {
        "partition_id": "part-1e6b70d987d0-p001",
        "partition_index": 1,
        "dataset_uri": "s3://robot-datasets/raw/droid_lerobot_scale30/v1",
        "partition_uri": "s3://robot-datasets/raw/droid_lerobot_scale30/v1",
        "input_files": [
          "s3://robot-datasets/raw/droid_lerobot_scale30/v1/data/chunk-000/file-005.parquet",
          "s3://robot-datasets/raw/droid_lerobot_scale30/v1/data/chunk-000/file-006.parquet",
          "s3://robot-datasets/raw/droid_lerobot_scale30/v1/data/chunk-000/file-010.parquet",
          "s3://robot-datasets/raw/droid_lerobot_scale30/v1/data/chunk-000/file-016.parquet",
          "s3://robot-datasets/raw/droid_lerobot_scale30/v1/data/chunk-000/file-024.parquet",
          "s3://robot-datasets/raw/droid_lerobot_scale30/v1/data/chunk-000/file-032.parquet",
          "s3://robot-datasets/raw/droid_lerobot_scale30/v1/data/chunk-000/file-036.parquet",
          "s3://robot-datasets/raw/droid_lerobot_scale30/v1/data/chunk-000/file-038.parquet",
          "s3://robot-datasets/raw/droid_lerobot_scale30/v1/data/chunk-000/file-044.parquet",
          "s3://robot-datasets/raw/droid_lerobot_scale30/v1/data/chunk-000/file-049.parquet",
          "s3://robot-datasets/raw/droid_lerobot_scale30/v1/data/chunk-000/file-050.parquet",
          "s3://robot-datasets/raw/droid_lerobot_scale30/v1/data/chunk-000/file-053.parquet",
          "s3://robot-datasets/raw/droid_lerobot_scale30/v1/data/chunk-000/file-055.parquet",
          "s3://robot-datasets/raw/droid_lerobot_scale30/v1/data/chunk-000/file-059.parquet",
          "s3://robot-datasets/raw/droid_lerobot_scale30/v1/data/chunk-000/file-060.parquet",
          "s3://robot-datasets/raw/droid_lerobot_scale30/v1/data/chunk-000/file-061.parquet",
          "s3://robot-datasets/raw/droid_lerobot_scale30/v1/data/chunk-000/file-065.parquet",
          "s3://robot-datasets/raw/droid_lerobot_scale30/v1/data/chunk-000/file-066.parquet",
          "s3://robot-datasets/raw/droid_lerobot_scale30/v1/data/chunk-000/file-073.parquet",
          "s3://robot-datasets/raw/droid_lerobot_scale30/v1/data/chunk-000/file-074.parquet",
          "s3://robot-datasets/raw/droid_lerobot_scale30/v1/data/chunk-000/file-075.parquet",
          "s3://robot-datasets/raw/droid_lerobot_scale30/v1/data/chunk-000/file-076.parquet",
          "s3://robot-datasets/raw/droid_lerobot_scale30/v1/data/chunk-000/file-079.parquet",
          "s3://robot-datasets/raw/droid_lerobot_scale30/v1/data/chunk-000/file-081.parquet",
          "s3://robot-datasets/raw/droid_lerobot_scale30/v1/data/chunk-000/file-109.parquet"
        ],
        "input_bytes": 2147424238,
        "estimated_rows": 7974523,
        "metrics": {
          "family": "droid",
          "file_count": 25
        }
      },
      {
        "partition_id": "part-1e6b70d987d0-p002",
        "partition_index": 2,
        "dataset_uri": "s3://robot-datasets/raw/droid_lerobot_scale30/v1",
        "partition_uri": "s3://robot-datasets/raw/droid_lerobot_scale30/v1",
        "input_files": [
          "s3://robot-datasets/raw/droid_lerobot_scale30/v1/data/chunk-000/file-000.parquet",
          "s3://robot-datasets/raw/droid_lerobot_scale30/v1/data/chunk-000/file-001.parquet",
          "s3://robot-datasets/raw/droid_lerobot_scale30/v1/data/chunk-000/file-003.parquet",
          "s3://robot-datasets/raw/droid_lerobot_scale30/v1/data/chunk-000/file-004.parquet",
          "s3://robot-datasets/raw/droid_lerobot_scale30/v1/data/chunk-000/file-008.parquet",
          "s3://robot-datasets/raw/droid_lerobot_scale30/v1/data/chunk-000/file-019.parquet",
          "s3://robot-datasets/raw/droid_lerobot_scale30/v1/data/chunk-000/file-020.parquet",
          "s3://robot-datasets/raw/droid_lerobot_scale30/v1/data/chunk-000/file-021.parquet",
          "s3://robot-datasets/raw/droid_lerobot_scale30/v1/data/chunk-000/file-025.parquet",
          "s3://robot-datasets/raw/droid_lerobot_scale30/v1/data/chunk-000/file-026.parquet",
          "s3://robot-datasets/raw/droid_lerobot_scale30/v1/data/chunk-000/file-028.parquet",
          "s3://robot-datasets/raw/droid_lerobot_scale30/v1/data/chunk-000/file-030.parquet",
          "s3://robot-datasets/raw/droid_lerobot_scale30/v1/data/chunk-000/file-031.parquet",
          "s3://robot-datasets/raw/droid_lerobot_scale30/v1/data/chunk-000/file-037.parquet",
          "s3://robot-datasets/raw/droid_lerobot_scale30/v1/data/chunk-000/file-039.parquet",
          "s3://robot-datasets/raw/droid_lerobot_scale30/v1/data/chunk-000/file-040.parquet",
          "s3://robot-datasets/raw/droid_lerobot_scale30/v1/data/chunk-000/file-041.parquet",
          "s3://robot-datasets/raw/droid_lerobot_scale30/v1/data/chunk-000/file-042.parquet",
          "s3://robot-datasets/raw/droid_lerobot_scale30/v1/data/chunk-000/file-045.parquet",
          "s3://robot-datasets/raw/droid_lerobot_scale30/v1/data/chunk-000/file-046.parquet",
          "s3://robot-datasets/raw/droid_lerobot_scale30/v1/data/chunk-000/file-048.parquet",
          "s3://robot-datasets/raw/droid_lerobot_scale30/v1/data/chunk-000/file-057.parquet",
          "s3://robot-datasets/raw/droid_lerobot_scale30/v1/data/chunk-000/file-078.parquet",
          "s3://robot-datasets/raw/droid_lerobot_scale30/v1/data/chunk-000/file-080.parquet",
          "s3://robot-datasets/raw/droid_lerobot_scale30/v1/data/chunk-000/file-083.parquet"
        ],
        "input_bytes": 2143053354,
        "estimated_rows": 8025578,
        "metrics": {
          "family": "droid",
          "file_count": 25
        }
      },
      {
        "partition_id": "part-1e6b70d987d0-p003",
        "partition_index": 3,
        "dataset_uri": "s3://robot-datasets/raw/droid_lerobot_scale30/v1",
        "partition_uri": "s3://robot-datasets/raw/droid_lerobot_scale30/v1",
        "input_files": [
          "s3://robot-datasets/raw/droid_lerobot_scale30/v1/data/chunk-000/file-002.parquet",
          "s3://robot-datasets/raw/droid_lerobot_scale30/v1/data/chunk-000/file-012.parquet",
          "s3://robot-datasets/raw/droid_lerobot_scale30/v1/data/chunk-000/file-013.parquet",
          "s3://robot-datasets/raw/droid_lerobot_scale30/v1/data/chunk-000/file-014.parquet",
          "s3://robot-datasets/raw/droid_lerobot_scale30/v1/data/chunk-000/file-015.parquet",
          "s3://robot-datasets/raw/droid_lerobot_scale30/v1/data/chunk-000/file-017.parquet",
          "s3://robot-datasets/raw/droid_lerobot_scale30/v1/data/chunk-000/file-033.parquet",
          "s3://robot-datasets/raw/droid_lerobot_scale30/v1/data/chunk-000/file-034.parquet",
          "s3://robot-datasets/raw/droid_lerobot_scale30/v1/data/chunk-000/file-047.parquet",
          "s3://robot-datasets/raw/droid_lerobot_scale30/v1/data/chunk-000/file-051.parquet",
          "s3://robot-datasets/raw/droid_lerobot_scale30/v1/data/chunk-000/file-052.parquet",
          "s3://robot-datasets/raw/droid_lerobot_scale30/v1/data/chunk-000/file-062.parquet",
          "s3://robot-datasets/raw/droid_lerobot_scale30/v1/data/chunk-000/file-064.parquet",
          "s3://robot-datasets/raw/droid_lerobot_scale30/v1/data/chunk-000/file-067.parquet",
          "s3://robot-datasets/raw/droid_lerobot_scale30/v1/data/chunk-000/file-070.parquet",
          "s3://robot-datasets/raw/droid_lerobot_scale30/v1/data/chunk-000/file-071.parquet",
          "s3://robot-datasets/raw/droid_lerobot_scale30/v1/data/chunk-000/file-077.parquet",
          "s3://robot-datasets/raw/droid_lerobot_scale30/v1/data/chunk-000/file-084.parquet",
          "s3://robot-datasets/raw/droid_lerobot_scale30/v1/data/chunk-000/file-097.parquet",
          "s3://robot-datasets/raw/droid_lerobot_scale30/v1/data/chunk-000/file-101.parquet",
          "s3://robot-datasets/raw/droid_lerobot_scale30/v1/data/chunk-000/file-114.parquet",
          "s3://robot-datasets/raw/droid_lerobot_scale30/v1/data/chunk-000/file-129.parquet",
          "s3://robot-datasets/raw/droid_lerobot_scale30/v1/data/chunk-000/file-131.parquet",
          "s3://robot-datasets/raw/droid_lerobot_scale30/v1/data/chunk-000/file-143.parquet",
          "s3://robot-datasets/raw/droid_lerobot_scale30/v1/data/chunk-000/file-145.parquet",
          "s3://robot-datasets/raw/droid_lerobot_scale30/v1/data/chunk-000/file-148.parquet",
          "s3://robot-datasets/raw/droid_lerobot_scale30/v1/data/chunk-000/file-150.parquet"
        ],
        "input_bytes": 2147458735,
        "estimated_rows": 7356140,
        "metrics": {
          "family": "droid",
          "file_count": 27
        }
      },
      {
        "partition_id": "part-1e6b70d987d0-p004",
        "partition_index": 4,
        "dataset_uri": "s3://robot-datasets/raw/droid_lerobot_scale30/v1",
        "partition_uri": "s3://robot-datasets/raw/droid_lerobot_scale30/v1",
        "input_files": [
          "s3://robot-datasets/raw/droid_lerobot_scale30/v1/data/chunk-000/file-086.parquet",
          "s3://robot-datasets/raw/droid_lerobot_scale30/v1/data/chunk-000/file-087.parquet",
          "s3://robot-datasets/raw/droid_lerobot_scale30/v1/data/chunk-000/file-088.parquet",
          "s3://robot-datasets/raw/droid_lerobot_scale30/v1/data/chunk-000/file-091.parquet",
          "s3://robot-datasets/raw/droid_lerobot_scale30/v1/data/chunk-000/file-092.parquet",
          "s3://robot-datasets/raw/droid_lerobot_scale30/v1/data/chunk-000/file-093.parquet",
          "s3://robot-datasets/raw/droid_lerobot_scale30/v1/data/chunk-000/file-094.parquet",
          "s3://robot-datasets/raw/droid_lerobot_scale30/v1/data/chunk-000/file-096.parquet",
          "s3://robot-datasets/raw/droid_lerobot_scale30/v1/data/chunk-000/file-098.parquet",
          "s3://robot-datasets/raw/droid_lerobot_scale30/v1/data/chunk-000/file-100.parquet",
          "s3://robot-datasets/raw/droid_lerobot_scale30/v1/data/chunk-000/file-102.parquet",
          "s3://robot-datasets/raw/droid_lerobot_scale30/v1/data/chunk-000/file-103.parquet",
          "s3://robot-datasets/raw/droid_lerobot_scale30/v1/data/chunk-000/file-104.parquet",
          "s3://robot-datasets/raw/droid_lerobot_scale30/v1/data/chunk-000/file-105.parquet",
          "s3://robot-datasets/raw/droid_lerobot_scale30/v1/data/chunk-000/file-107.parquet",
          "s3://robot-datasets/raw/droid_lerobot_scale30/v1/data/chunk-000/file-108.parquet",
          "s3://robot-datasets/raw/droid_lerobot_scale30/v1/data/chunk-000/file-111.parquet",
          "s3://robot-datasets/raw/droid_lerobot_scale30/v1/data/chunk-000/file-115.parquet",
          "s3://robot-datasets/raw/droid_lerobot_scale30/v1/data/chunk-000/file-118.parquet",
          "s3://robot-datasets/raw/droid_lerobot_scale30/v1/data/chunk-000/file-119.parquet",
          "s3://robot-datasets/raw/droid_lerobot_scale30/v1/data/chunk-000/file-121.parquet",
          "s3://robot-datasets/raw/droid_lerobot_scale30/v1/data/chunk-000/file-126.parquet",
          "s3://robot-datasets/raw/droid_lerobot_scale30/v1/data/chunk-000/file-128.parquet",
          "s3://robot-datasets/raw/droid_lerobot_scale30/v1/data/chunk-000/file-132.parquet",
          "s3://robot-datasets/raw/droid_lerobot_scale30/v1/data/chunk-000/file-135.parquet",
          "s3://robot-datasets/raw/droid_lerobot_scale30/v1/data/chunk-000/file-137.parquet",
          "s3://robot-datasets/raw/droid_lerobot_scale30/v1/data/chunk-000/file-140.parquet",
          "s3://robot-datasets/raw/droid_lerobot_scale30/v1/data/chunk-000/file-142.parquet",
          "s3://robot-datasets/raw/droid_lerobot_scale30/v1/data/chunk-000/file-149.parquet",
          "s3://robot-datasets/raw/droid_lerobot_scale30/v1/data/chunk-000/file-153.parquet",
          "s3://robot-datasets/raw/droid_lerobot_scale30/v1/data/chunk-000/file-154.parquet"
        ],
        "input_bytes": 2115865819,
        "estimated_rows": 5606240,
        "metrics": {
          "family": "droid",
          "file_count": 31
        }
      },
      {
        "partition_id": "part-1e6b70d987d0-p005",
        "partition_index": 5,
        "dataset_uri": "s3://robot-datasets/raw/droid_lerobot_scale30/v1",
        "partition_uri": "s3://robot-datasets/raw/droid_lerobot_scale30/v1",
        "input_files": [
          "s3://robot-datasets/raw/droid_lerobot_scale30/v1/data/chunk-000/file-085.parquet",
          "s3://robot-datasets/raw/droid_lerobot_scale30/v1/data/chunk-000/file-089.parquet",
          "s3://robot-datasets/raw/droid_lerobot_scale30/v1/data/chunk-000/file-090.parquet",
          "s3://robot-datasets/raw/droid_lerobot_scale30/v1/data/chunk-000/file-095.parquet",
          "s3://robot-datasets/raw/droid_lerobot_scale30/v1/data/chunk-000/file-099.parquet",
          "s3://robot-datasets/raw/droid_lerobot_scale30/v1/data/chunk-000/file-106.parquet",
          "s3://robot-datasets/raw/droid_lerobot_scale30/v1/data/chunk-000/file-110.parquet",
          "s3://robot-datasets/raw/droid_lerobot_scale30/v1/data/chunk-000/file-112.parquet",
          "s3://robot-datasets/raw/droid_lerobot_scale30/v1/data/chunk-000/file-113.parquet",
          "s3://robot-datasets/raw/droid_lerobot_scale30/v1/data/chunk-000/file-116.parquet",
          "s3://robot-datasets/raw/droid_lerobot_scale30/v1/data/chunk-000/file-117.parquet",
          "s3://robot-datasets/raw/droid_lerobot_scale30/v1/data/chunk-000/file-120.parquet",
          "s3://robot-datasets/raw/droid_lerobot_scale30/v1/data/chunk-000/file-122.parquet",
          "s3://robot-datasets/raw/droid_lerobot_scale30/v1/data/chunk-000/file-123.parquet",
          "s3://robot-datasets/raw/droid_lerobot_scale30/v1/data/chunk-000/file-124.parquet",
          "s3://robot-datasets/raw/droid_lerobot_scale30/v1/data/chunk-000/file-125.parquet",
          "s3://robot-datasets/raw/droid_lerobot_scale30/v1/data/chunk-000/file-127.parquet",
          "s3://robot-datasets/raw/droid_lerobot_scale30/v1/data/chunk-000/file-130.parquet",
          "s3://robot-datasets/raw/droid_lerobot_scale30/v1/data/chunk-000/file-133.parquet",
          "s3://robot-datasets/raw/droid_lerobot_scale30/v1/data/chunk-000/file-134.parquet",
          "s3://robot-datasets/raw/droid_lerobot_scale30/v1/data/chunk-000/file-136.parquet",
          "s3://robot-datasets/raw/droid_lerobot_scale30/v1/data/chunk-000/file-138.parquet",
          "s3://robot-datasets/raw/droid_lerobot_scale30/v1/data/chunk-000/file-139.parquet",
          "s3://robot-datasets/raw/droid_lerobot_scale30/v1/data/chunk-000/file-141.parquet",
          "s3://robot-datasets/raw/droid_lerobot_scale30/v1/data/chunk-000/file-144.parquet",
          "s3://robot-datasets/raw/droid_lerobot_scale30/v1/data/chunk-000/file-146.parquet",
          "s3://robot-datasets/raw/droid_lerobot_scale30/v1/data/chunk-000/file-147.parquet",
          "s3://robot-datasets/raw/droid_lerobot_scale30/v1/data/chunk-000/file-151.parquet",
          "s3://robot-datasets/raw/droid_lerobot_scale30/v1/data/chunk-000/file-152.parquet",
          "s3://robot-datasets/raw/droid_lerobot_scale30/v1/meta/episodes/chunk-000/file-006.parquet"
        ],
        "input_bytes": 1976377108,
        "estimated_rows": 5117803,
        "metrics": {
          "family": "droid",
          "file_count": 30
        }
      }
    ],
    "created_at": "2026-05-24T22:10:28Z"
  }
}
