{"event": "runner_boot", "argv": ["partition", "plan", "--dataset", "s3://robot-datasets/raw/bridgedata_v2_scale30/v1", "--dataset-id", "bridgedata_v2_scale30", "--version", "v1", "--output", "s3://robot-lake/tmp/robot-dh-multisource-scale30-bxpjl/bridgedata_v2_scale30_partition_plan.json", "--target-partition-size-gb", "2"], "python": "3.11.15", "ts": 1779673713.6597733, "env_keys": ["ROBOT_DH_API_PORT", "ROBOT_DH_API_PORT_8000_TCP", "ROBOT_DH_API_PORT_8000_TCP_ADDR", "ROBOT_DH_API_PORT_8000_TCP_PORT", "ROBOT_DH_API_PORT_8000_TCP_PROTO", "ROBOT_DH_API_SERVICE_HOST", "ROBOT_DH_API_SERVICE_PORT", "ROBOT_DH_API_SERVICE_PORT_HTTP", "ROBOT_DH_ARGO_NAMESPACE", "ROBOT_DH_ARTIFACT_STORE", "ROBOT_DH_DB_URI", "ROBOT_DH_EVENTS_DIR", "ROBOT_DH_EXPORTER_PORT", "ROBOT_DH_EXPORTER_PORT_9108_TCP", "ROBOT_DH_EXPORTER_PORT_9108_TCP_ADDR", "ROBOT_DH_EXPORTER_PORT_9108_TCP_PORT", "ROBOT_DH_EXPORTER_PORT_9108_TCP_PROTO", "ROBOT_DH_EXPORTER_SERVICE_HOST", "ROBOT_DH_EXPORTER_SERVICE_PORT", "ROBOT_DH_EXPORTER_SERVICE_PORT_METRICS", "ROBOT_DH_ML_READY_ROOT", "ROBOT_DH_PLATFORM_VERSION", "ROBOT_DH_QC_CONTRACT_BUCKET_PREFIX", "ROBOT_DH_REDIS_URL", "ROBOT_DH_RELEASE_VERSION", "ROBOT_DH_S3_ACCESS_KEY", "ROBOT_DH_S3_ARTIFACT_BUCKET", "ROBOT_DH_S3_BACKUP_BUCKET", "ROBOT_DH_S3_DATA_BUCKET", "ROBOT_DH_S3_ENDPOINT_URL", "ROBOT_DH_S3_LAKE_BUCKET", "ROBOT_DH_S3_REGION", "ROBOT_DH_S3_SECRET_KEY", "ROBOT_DH_WORKFLOW_TMP_PREFIX"]}
{
  "plan_path": "s3://robot-lake/tmp/robot-dh-multisource-scale30-bxpjl/bridgedata_v2_scale30_partition_plan.json",
  "plan": {
    "partition_plan_id": "part-84618ce9281a",
    "dataset_id": "bridgedata_v2_scale30",
    "version": "v1",
    "dataset_uri": "s3://robot-datasets/raw/bridgedata_v2_scale30/v1",
    "dataset_family": "bridge",
    "partition_type": "parquet_file",
    "target_partition_size_bytes": 2147483648,
    "total_input_bytes": 238440784,
    "partitions": [
      {
        "partition_id": "part-84618ce9281a-p000",
        "partition_index": 0,
        "dataset_uri": "s3://robot-datasets/raw/bridgedata_v2_scale30/v1",
        "partition_uri": "s3://robot-datasets/raw/bridgedata_v2_scale30/v1/data/shard_0-00000-of-00001.parquet",
        "input_files": [
          "s3://robot-datasets/raw/bridgedata_v2_scale30/v1/data/shard_0-00000-of-00001.parquet"
        ],
        "input_bytes": 238436886,
        "estimated_rows": 314,
        "metrics": {
          "family": "bridge",
          "file_count": 1
        }
      }
    ],
    "created_at": "2026-05-25T01:48:35Z"
  }
}
